* If first and last symbols in input line is equal, then delete all such a
* symbols between first and last. Otherwise, do nothing.

$ENTRY Go
{
    = <Prout <Check <Card>>>;
}

Check
{
    0           = <Exit 0>; /* EOF */
    s.1 e.2 s.1 = s.1 <Delete (s.1) e.2> s.1;
    e.1         = e.1;
}

Delete
{
    (s.1) e.X s.1 e.Y = e.X <Delete (s.1) e.Y>;
    (s.1) e.X         = e.X;
}
